Fri Nov 10 08:17:19 2023
Windows-10-10.0.19045
Ren'Py 8.1.3.23091805
 

Bootstrap to the start of init.init. took 0.04s
Early init. took 0.00s
Loader init. took 0.02s
Loading error handling. took 0.03s
Loading script. took 0.25s
Loading save slot metadata. took 0.04s
Loading persistent. took 0.00s
Running init code. took 0.06s
Loading analysis data. took 0.01s
Analyze and compile ATL. took 0.00s
Reloading save slot metadata. took 0.02s
Index archives took 0.00s
Dump and make backups. took 0.06s
Cleaning cache. took 0.00s
Making clean stores. took 0.00s
Initial gc. took 0.02s
DPI scale factor: 1.000000
nvdrs: Loaded, about to disable thread optimizations.
nvdrs: Disabled thread optimizations.
Creating interface object. took 0.37s
Cleaning stores took 0.00s
Init translation took 0.04s
Build styles took 0.00s
Load screen analysis took 0.02s
Analyze screens took 0.00s
Save screen analysis took 0.00s
Prepare screens took 0.06s
Save pyanalysis. took 0.00s
Save bytecode. took 0.07s
Running _start took 0.00s
Performance test:
Interface start. took 0.13s

Initializing gl2 renderer:
primary display bounds: (0, 0, 1920, 1080)
swap interval: 1 frames
Windowed mode.
Vendor: "b'NVIDIA Corporation'"
Renderer: b'NVIDIA GeForce GTX 1050/PCIe/SSE2'
Version: b'4.6.0 NVIDIA 531.30'
Display Info: None
Screen sizes: virtual=(1920, 1080) physical=(1920, 1017) drawable=(1920, 1017)
Maximum texture size: 4096x4096
Resetting cache.
Bootstrap to the start of init.init. took 149.80s
Early init. took 0.00s
Loader init. took 0.02s
Loading error handling. took 0.03s
Loading script. took 0.16s
Loading save slot metadata. took 0.02s
Loading persistent. took 0.00s
Running init code. took 0.02s
Loading analysis data. took 0.01s
Analyze and compile ATL. took 0.00s
Reloading save slot metadata. took 0.02s
Index archives took 0.00s
Backing up script files to 'C:\\Users\\pavel\\AppData\\Roaming/RenPy/backups\\gorelov_home':
Dump and make backups. took 0.05s
Cleaning cache. took 0.00s
Making clean stores. took 0.00s
Initial gc. took 0.03s
DPI scale factor: 1.000000
nvdrs: Loaded, about to disable thread optimizations.
nvdrs: Disabled thread optimizations.
Creating interface object. took 0.33s
Cleaning stores took 0.00s
Init translation took 0.03s
Build styles took 0.00s
Load screen analysis took 0.00s
Analyze screens took 0.01s
Save screen analysis took 0.02s
Prepare screens took 0.06s
Save pyanalysis. took 0.01s
Save bytecode. took 0.02s
Running _start took 0.00s
Performance test:
Interface start. took 0.04s

Initializing gl2 renderer:
primary display bounds: (0, 0, 1920, 1080)
swap interval: 1 frames
Windowed mode.
Vendor: "b'NVIDIA Corporation'"
Renderer: b'NVIDIA GeForce GTX 1050/PCIe/SSE2'
Version: b'4.6.0 NVIDIA 531.30'
Display Info: None
Screen sizes: virtual=(1920, 1080) physical=(1920, 1017) drawable=(1920, 1017)
Maximum texture size: 4096x4096
Resetting cache.
Bootstrap to the start of init.init. took 162.20s
Early init. took 0.00s
Loader init. took 0.02s
Loading error handling. took 0.02s
Loading script. took 0.12s
Loading save slot metadata. took 0.02s
Loading persistent. took 0.00s
Running init code. took 0.04s
Loading analysis data. took 0.01s
Analyze and compile ATL. took 0.00s
Reloading save slot metadata. took 0.03s
Index archives took 0.00s
Backing up script files to 'C:\\Users\\pavel\\AppData\\Roaming/RenPy/backups\\gorelov_home':
Dump and make backups. took 0.05s
Cleaning cache. took 0.00s
Making clean stores. took 0.00s
Initial gc. took 0.04s
DPI scale factor: 1.000000
nvdrs: Loaded, about to disable thread optimizations.
nvdrs: Disabled thread optimizations.
Creating interface object. took 0.35s
Cleaning stores took 0.00s
Init translation took 0.03s
Build styles took 0.00s
Load screen analysis took 0.00s
Analyze screens took 0.01s
Save screen analysis took 0.02s
Prepare screens took 0.06s
Save pyanalysis. took 0.01s
Save bytecode. took 0.02s
Running _start took 0.00s
Performance test:
Interface start. took 0.04s

Initializing gl2 renderer:
primary display bounds: (0, 0, 1920, 1080)
swap interval: 1 frames
Windowed mode.
Vendor: "b'NVIDIA Corporation'"
Renderer: b'NVIDIA GeForce GTX 1050/PCIe/SSE2'
Version: b'4.6.0 NVIDIA 531.30'
Display Info: None
Screen sizes: virtual=(1920, 1080) physical=(1920, 1017) drawable=(1920, 1017)
Maximum texture size: 4096x4096
Cleaning stores took 0.00s
Init translation took 0.00s
Build styles took 0.01s
Load screen analysis took 0.02s
Analyze screens took 0.00s
Prepare screens took 0.00s
Running _start took 0.00s
Cleaning stores took 0.00s
Init translation took 0.00s
Build styles took 0.01s
Load screen analysis took 0.02s
Analyze screens took 0.00s
Prepare screens took 0.00s
Running _start took 0.00s
Resetting cache.
Bootstrap to the start of init.init. took 290.95s
Early init. took 0.00s
Loader init. took 0.02s
Loading error handling. took 0.02s
Loading script. took 0.11s
Loading save slot metadata. took 0.02s
Loading persistent. took 0.00s
Running init code. took 0.04s
Loading analysis data. took 0.02s
Analyze and compile ATL. took 0.00s
Reloading save slot metadata. took 0.03s
Index archives took 0.00s
Backing up script files to 'C:\\Users\\pavel\\AppData\\Roaming/RenPy/backups\\gorelov_home':
Dump and make backups. took 0.06s
Cleaning cache. took 0.00s
Making clean stores. took 0.00s
Initial gc. took 0.05s
DPI scale factor: 1.000000
nvdrs: Loaded, about to disable thread optimizations.
nvdrs: Disabled thread optimizations.
Creating interface object. took 0.43s
Cleaning stores took 0.00s
Init translation took 0.04s
Build styles took 0.00s
Load screen analysis took 0.00s
Analyze screens took 0.01s
Save screen analysis took 0.02s
Prepare screens took 0.07s
Save pyanalysis. took 0.00s
Save bytecode. took 0.02s
Running _start took 0.00s
Performance test:
Interface start. took 0.05s

Initializing gl2 renderer:
primary display bounds: (0, 0, 1920, 1080)
swap interval: 1 frames
Windowed mode.
Vendor: "b'NVIDIA Corporation'"
Renderer: b'NVIDIA GeForce GTX 1050/PCIe/SSE2'
Version: b'4.6.0 NVIDIA 531.30'
Display Info: None
Screen sizes: virtual=(1920, 1080) physical=(1920, 1017) drawable=(1920, 1017)
Maximum texture size: 4096x4096

Full traceback:
  File "game/script.rpy", line 29, in script
    narrator "{cps=20}{fi=30-1-30}Трепетные, белоснежные хлопья снега медленно спускались с звёздного небосвода, обрамляя землю необычными, на вид, сугробами. Никогда ранее зеленые деревья не окутывала столь густая белоснежная пелена, и поражаешься, как так быстро мог измениться пейзаж. Непроходимая дорога встречала нас, куда не посмотришь – темень Январской зимы. Единственные звуки, которые проникали в эту мёртвую тишину, были шорох снега под шинами и задыхающийся мотор машины. Освещение фонарей стало более бледным, тусклым, словно его силы истрачивались с каждым километром пути. Три долгих дня истомленный хвойный лес окутывался смертельным молчанием.лес окутывался по смертельной мере белоснежным молчанием.{/fi}{/cps}"
  File "D:\renpy-8.1.3-sdk\renpy\ast.py", line 930, in execute
    renpy.exports.say(who, what, *args, **kwargs)
  File "D:\renpy-8.1.3-sdk\renpy\exports.py", line 1474, in say
    who(what, *args, **kwargs)
  File "D:\renpy-8.1.3-sdk\renpy\character.py", line 1352, in __call__
    self.do_display(who, what, cb_args=self.cb_args, dtt=dtt, **display_args)
  File "renpy/common/00nvl_mode.rpy", line 381, in do_display
    renpy.display_say(
  File "D:\renpy-8.1.3-sdk\renpy\character.py", line 693, in display_say
    rv = renpy.ui.interact(mouse='say', type=type, roll_forward=roll_forward)
  File "D:\renpy-8.1.3-sdk\renpy\ui.py", line 299, in interact
    rv = renpy.game.interface.interact(roll_forward=roll_forward, **kwargs)
  File "D:\renpy-8.1.3-sdk\renpy\display\core.py", line 3582, in interact
    repeat, rv = self.interact_core(preloads=preloads, trans_pause=trans_pause, pause=pause, pause_start=pause_start, pause_modal=pause_modal, **kwargs) # type: ignore
  File "D:\renpy-8.1.3-sdk\renpy\display\core.py", line 4175, in interact_core
    self.draw_screen(root_widget, fullscreen_video, (not fullscreen_video) or video_frame_drawn)
  File "D:\renpy-8.1.3-sdk\renpy\display\core.py", line 2782, in draw_screen
    surftree = renpy.display.render.render_screen(
  File "render.pyx", line 492, in renpy.display.render.render_screen
  File "render.pyx", line 266, in renpy.display.render.render
  File "D:\renpy-8.1.3-sdk\renpy\display\layout.py", line 888, in render
    surf = render(child, width, height, cst, cat)
  File "render.pyx", line 170, in renpy.display.render.render
  File "render.pyx", line 266, in renpy.display.render.render
  File "D:\renpy-8.1.3-sdk\renpy\display\layout.py", line 888, in render
    surf = render(child, width, height, cst, cat)
  File "render.pyx", line 170, in renpy.display.render.render
  File "render.pyx", line 266, in renpy.display.render.render
  File "D:\renpy-8.1.3-sdk\renpy\display\layout.py", line 888, in render
    surf = render(child, width, height, cst, cat)
  File "render.pyx", line 170, in renpy.display.render.render
  File "render.pyx", line 266, in renpy.display.render.render
  File "D:\renpy-8.1.3-sdk\renpy\display\screen.py", line 731, in render
    child = renpy.display.render.render(self.child, w, h, st, at)
  File "render.pyx", line 170, in renpy.display.render.render
  File "render.pyx", line 266, in renpy.display.render.render
  File "D:\renpy-8.1.3-sdk\renpy\display\layout.py", line 888, in render
    surf = render(child, width, height, cst, cat)
  File "render.pyx", line 170, in renpy.display.render.render
  File "render.pyx", line 266, in renpy.display.render.render
  File "D:\renpy-8.1.3-sdk\renpy\display\layout.py", line 1338, in render
    surf = render(child,
  File "render.pyx", line 170, in renpy.display.render.render
  File "render.pyx", line 266, in renpy.display.render.render
  File "D:\renpy-8.1.3-sdk\renpy\display\layout.py", line 1109, in render
    surf = render(d, width - x, rh, cst, cat)
  File "render.pyx", line 170, in renpy.display.render.render
  File "render.pyx", line 266, in renpy.display.render.render
  File "D:\renpy-8.1.3-sdk\renpy\display\layout.py", line 1338, in render
    surf = render(child,
  File "render.pyx", line 170, in renpy.display.render.render
  File "render.pyx", line 266, in renpy.display.render.render
  File "D:\renpy-8.1.3-sdk\renpy\display\layout.py", line 888, in render
    surf = render(child, width, height, cst, cat)
  File "render.pyx", line 170, in renpy.display.render.render
  File "render.pyx", line 266, in renpy.display.render.render
  File "D:\renpy-8.1.3-sdk\renpy\text\text.py", line 2171, in render
    virtual_layout = Layout(self, width, height, renders, drawable_res=False, size_only=True)
  File "D:\renpy-8.1.3-sdk\renpy\text\text.py", line 629, in __init__
    self.paragraphs = self.segment(text.tokens, style, renders, text)
  File "D:\renpy-8.1.3-sdk\renpy\text\text.py", line 1289, in segment
    raise Exception("Unknown text tag %r" % text)
Exception: Unknown text tag 'fi=30-1-30'

While processing text tag {fi=30-1-30} in '{cps=20}{fi=30-1-30}Трепетные, белоснежные хлопья снега медленно спускались с звёздного небосвода, обрамляя землю необычными, на вид, сугробами. Никогда ранее зеленые деревья не окутывала столь густая белоснежная пелена, и поражаешься, как так быстро мог измениться пейзаж. Непроходимая дорога встречала нас, куда не посмотришь – темень Январской зимы. Единственные звуки, которые проникали в эту мёртвую тишину, были шорох снега под шинами и задыхающийся мотор машины. Освещение фонарей стало более бледным, тусклым, словно его силы истрачивались с каждым километром пути. Три долгих дня истомленный хвойный лес окутывался смертельным молчанием.лес окутывался по смертельной мере белоснежным молчанием.{/fi}{/cps}'.:
  File "game/script.rpy", line 29, in script
    narrator "{cps=20}{fi=30-1-30}Трепетные, белоснежные хлопья снега медленно спускались с звёздного небосвода, обрамляя землю необычными, на вид, сугробами. Никогда ранее зеленые деревья не окутывала столь густая белоснежная пелена, и поражаешься, как так быстро мог измениться пейзаж. Непроходимая дорога встречала нас, куда не посмотришь – темень Январской зимы. Единственные звуки, которые проникали в эту мёртвую тишину, были шорох снега под шинами и задыхающийся мотор машины. Освещение фонарей стало более бледным, тусклым, словно его силы истрачивались с каждым километром пути. Три долгих дня истомленный хвойный лес окутывался смертельным молчанием.лес окутывался по смертельной мере белоснежным молчанием.{/fi}{/cps}"
  File "renpy/common/00nvl_mode.rpy", line 381, in do_display
    renpy.display_say(
Exception: Unknown text tag 'fi=30-1-30'
While handling exception:
Traceback (most recent call last):
  File "D:\renpy-8.1.3-sdk\renpy\execution.py", line 596, in run
    node.execute()
  File "D:\renpy-8.1.3-sdk\renpy\ast.py", line 930, in execute
    renpy.exports.say(who, what, *args, **kwargs)
  File "D:\renpy-8.1.3-sdk\renpy\exports.py", line 1474, in say
    who(what, *args, **kwargs)
  File "D:\renpy-8.1.3-sdk\renpy\character.py", line 1352, in __call__
    self.do_display(who, what, cb_args=self.cb_args, dtt=dtt, **display_args)
  File "renpy/common/00nvl_mode.rpy", line 381, in do_display
    renpy.display_say(
  File "D:\renpy-8.1.3-sdk\renpy\character.py", line 693, in display_say
    rv = renpy.ui.interact(mouse='say', type=type, roll_forward=roll_forward)
  File "D:\renpy-8.1.3-sdk\renpy\ui.py", line 299, in interact
    rv = renpy.game.interface.interact(roll_forward=roll_forward, **kwargs)
  File "D:\renpy-8.1.3-sdk\renpy\display\core.py", line 3582, in interact
    repeat, rv = self.interact_core(preloads=preloads, trans_pause=trans_pause, pause=pause, pause_start=pause_start, pause_modal=pause_modal, **kwargs) # type: ignore
  File "D:\renpy-8.1.3-sdk\renpy\display\core.py", line 4175, in interact_core
    self.draw_screen(root_widget, fullscreen_video, (not fullscreen_video) or video_frame_drawn)
  File "D:\renpy-8.1.3-sdk\renpy\display\core.py", line 2782, in draw_screen
    surftree = renpy.display.render.render_screen(
  File "render.pyx", line 492, in renpy.display.render.render_screen
  File "render.pyx", line 266, in renpy.display.render.render
  File "D:\renpy-8.1.3-sdk\renpy\display\layout.py", line 888, in render
    surf = render(child, width, height, cst, cat)
  File "render.pyx", line 170, in renpy.display.render.render
  File "render.pyx", line 266, in renpy.display.render.render
  File "D:\renpy-8.1.3-sdk\renpy\display\layout.py", line 888, in render
    surf = render(child, width, height, cst, cat)
  File "render.pyx", line 170, in renpy.display.render.render
  File "render.pyx", line 266, in renpy.display.render.render
  File "D:\renpy-8.1.3-sdk\renpy\display\layout.py", line 888, in render
    surf = render(child, width, height, cst, cat)
  File "render.pyx", line 170, in renpy.display.render.render
  File "render.pyx", line 266, in renpy.display.render.render
  File "D:\renpy-8.1.3-sdk\renpy\display\screen.py", line 731, in render
    child = renpy.display.render.render(self.child, w, h, st, at)
  File "render.pyx", line 170, in renpy.display.render.render
  File "render.pyx", line 266, in renpy.display.render.render
  File "D:\renpy-8.1.3-sdk\renpy\display\layout.py", line 888, in render
    surf = render(child, width, height, cst, cat)
  File "render.pyx", line 170, in renpy.display.render.render
  File "render.pyx", line 266, in renpy.display.render.render
  File "D:\renpy-8.1.3-sdk\renpy\display\layout.py", line 1338, in render
    surf = render(child,
  File "render.pyx", line 170, in renpy.display.render.render
  File "render.pyx", line 266, in renpy.display.render.render
  File "D:\renpy-8.1.3-sdk\renpy\display\layout.py", line 1109, in render
    surf = render(d, width - x, rh, cst, cat)
  File "render.pyx", line 170, in renpy.display.render.render
  File "render.pyx", line 266, in renpy.display.render.render
  File "D:\renpy-8.1.3-sdk\renpy\display\layout.py", line 1338, in render
    surf = render(child,
  File "render.pyx", line 170, in renpy.display.render.render
  File "render.pyx", line 266, in renpy.display.render.render
  File "D:\renpy-8.1.3-sdk\renpy\display\layout.py", line 888, in render
    surf = render(child, width, height, cst, cat)
  File "render.pyx", line 170, in renpy.display.render.render
  File "render.pyx", line 266, in renpy.display.render.render
  File "D:\renpy-8.1.3-sdk\renpy\text\text.py", line 2171, in render
    virtual_layout = Layout(self, width, height, renders, drawable_res=False, size_only=True)
  File "D:\renpy-8.1.3-sdk\renpy\text\text.py", line 629, in __init__
    self.paragraphs = self.segment(text.tokens, style, renders, text)
  File "D:\renpy-8.1.3-sdk\renpy\text\text.py", line 1289, in segment
    raise Exception("Unknown text tag %r" % text)
Exception: Unknown text tag 'fi=30-1-30'

During handling of the above exception, another exception occurred:

Traceback (most recent call last):
  File "D:\renpy-8.1.3-sdk\renpy\display\error.py", line 140, in report_exception
    renpy.game.invoke_in_new_context(
  File "D:\renpy-8.1.3-sdk\renpy\game.py", line 287, in invoke_in_new_context
    return callable(*args, **kwargs)
  File "D:\renpy-8.1.3-sdk\renpy\display\error.py", line 48, in call_exception_screen
    return renpy.ui.interact(mouse="screen", type="screen", suppress_overlay=True, suppress_underlay=True)
  File "D:\renpy-8.1.3-sdk\renpy\ui.py", line 299, in interact
    rv = renpy.game.interface.interact(roll_forward=roll_forward, **kwargs)
  File "D:\renpy-8.1.3-sdk\renpy\display\core.py", line 3582, in interact
    repeat, rv = self.interact_core(preloads=preloads, trans_pause=trans_pause, pause=pause, pause_start=pause_start, pause_modal=pause_modal, **kwargs) # type: ignore
  File "D:\renpy-8.1.3-sdk\renpy\display\core.py", line 4175, in interact_core
    self.draw_screen(root_widget, fullscreen_video, (not fullscreen_video) or video_frame_drawn)
  File "D:\renpy-8.1.3-sdk\renpy\display\core.py", line 2782, in draw_screen
    surftree = renpy.display.render.render_screen(
  File "render.pyx", line 492, in renpy.display.render.render_screen
  File "render.pyx", line 266, in renpy.display.render.render
  File "D:\renpy-8.1.3-sdk\renpy\display\layout.py", line 888, in render
    surf = render(child, width, height, cst, cat)
  File "render.pyx", line 170, in renpy.display.render.render
  File "render.pyx", line 266, in renpy.display.render.render
  File "D:\renpy-8.1.3-sdk\renpy\display\layout.py", line 888, in render
    surf = render(child, width, height, cst, cat)
  File "render.pyx", line 170, in renpy.display.render.render
  File "render.pyx", line 266, in renpy.display.render.render
  File "D:\renpy-8.1.3-sdk\renpy\display\layout.py", line 888, in render
    surf = render(child, width, height, cst, cat)
  File "render.pyx", line 170, in renpy.display.render.render
  File "render.pyx", line 266, in renpy.display.render.render
  File "D:\renpy-8.1.3-sdk\renpy\display\screen.py", line 731, in render
    child = renpy.display.render.render(self.child, w, h, st, at)
  File "render.pyx", line 170, in renpy.display.render.render
  File "render.pyx", line 266, in renpy.display.render.render
  File "D:\renpy-8.1.3-sdk\renpy\display\layout.py", line 888, in render
    surf = render(child, width, height, cst, cat)
  File "render.pyx", line 170, in renpy.display.render.render
  File "render.pyx", line 266, in renpy.display.render.render
  File "D:\renpy-8.1.3-sdk\renpy\display\layout.py", line 1338, in render
    surf = render(child,
  File "render.pyx", line 170, in renpy.display.render.render
  File "render.pyx", line 266, in renpy.display.render.render
  File "D:\renpy-8.1.3-sdk\renpy\display\layout.py", line 1109, in render
    surf = render(d, width - x, rh, cst, cat)
  File "render.pyx", line 170, in renpy.display.render.render
  File "render.pyx", line 266, in renpy.display.render.render
  File "D:\renpy-8.1.3-sdk\renpy\display\layout.py", line 1338, in render
    surf = render(child,
  File "render.pyx", line 170, in renpy.display.render.render
  File "render.pyx", line 266, in renpy.display.render.render
  File "D:\renpy-8.1.3-sdk\renpy\display\layout.py", line 888, in render
    surf = render(child, width, height, cst, cat)
  File "render.pyx", line 170, in renpy.display.render.render
  File "render.pyx", line 266, in renpy.display.render.render
  File "D:\renpy-8.1.3-sdk\renpy\text\text.py", line 2171, in render
    virtual_layout = Layout(self, width, height, renders, drawable_res=False, size_only=True)
  File "D:\renpy-8.1.3-sdk\renpy\text\text.py", line 629, in __init__
    self.paragraphs = self.segment(text.tokens, style, renders, text)
  File "D:\renpy-8.1.3-sdk\renpy\text\text.py", line 1289, in segment
    raise Exception("Unknown text tag %r" % text)
Exception: Unknown text tag 'fi=30-1-30'

Full traceback:
  File "D:\renpy-8.1.3-sdk\renpy\bootstrap.py", line 275, in bootstrap
    renpy.main.main()
  File "D:\renpy-8.1.3-sdk\renpy\main.py", line 670, in main
    run(restart)
  File "D:\renpy-8.1.3-sdk\renpy\main.py", line 144, in run
    renpy.execution.run_context(True)
  File "D:\renpy-8.1.3-sdk\renpy\execution.py", line 955, in run_context
    context.run()
  File "game/script.rpy", line 29, in script
    narrator "{cps=20}{fi=30-1-30}Трепетные, белоснежные хлопья снега медленно спускались с звёздного небосвода, обрамляя землю необычными, на вид, сугробами. Никогда ранее зеленые деревья не окутывала столь густая белоснежная пелена, и поражаешься, как так быстро мог измениться пейзаж. Непроходимая дорога встречала нас, куда не посмотришь – темень Январской зимы. Единственные звуки, которые проникали в эту мёртвую тишину, были шорох снега под шинами и задыхающийся мотор машины. Освещение фонарей стало более бледным, тусклым, словно его силы истрачивались с каждым километром пути. Три долгих дня истомленный хвойный лес окутывался смертельным молчанием.лес окутывался по смертельной мере белоснежным молчанием.{/fi}{/cps}"
  File "/home/tom/ab/renpy-build-fix/tmp/install.linux-x86_64/lib/python3.9/site-packages/future/utils/__init__.py", line 444, in raise_
  File "game/script.rpy", line 29, in script
    narrator "{cps=20}{fi=30-1-30}Трепетные, белоснежные хлопья снега медленно спускались с звёздного небосвода, обрамляя землю необычными, на вид, сугробами. Никогда ранее зеленые деревья не окутывала столь густая белоснежная пелена, и поражаешься, как так быстро мог измениться пейзаж. Непроходимая дорога встречала нас, куда не посмотришь – темень Январской зимы. Единственные звуки, которые проникали в эту мёртвую тишину, были шорох снега под шинами и задыхающийся мотор машины. Освещение фонарей стало более бледным, тусклым, словно его силы истрачивались с каждым километром пути. Три долгих дня истомленный хвойный лес окутывался смертельным молчанием.лес окутывался по смертельной мере белоснежным молчанием.{/fi}{/cps}"
  File "D:\renpy-8.1.3-sdk\renpy\ast.py", line 930, in execute
    renpy.exports.say(who, what, *args, **kwargs)
  File "D:\renpy-8.1.3-sdk\renpy\exports.py", line 1474, in say
    who(what, *args, **kwargs)
  File "D:\renpy-8.1.3-sdk\renpy\character.py", line 1352, in __call__
    self.do_display(who, what, cb_args=self.cb_args, dtt=dtt, **display_args)
  File "renpy/common/00nvl_mode.rpy", line 381, in do_display
    renpy.display_say(
  File "D:\renpy-8.1.3-sdk\renpy\character.py", line 693, in display_say
    rv = renpy.ui.interact(mouse='say', type=type, roll_forward=roll_forward)
  File "D:\renpy-8.1.3-sdk\renpy\ui.py", line 299, in interact
    rv = renpy.game.interface.interact(roll_forward=roll_forward, **kwargs)
  File "D:\renpy-8.1.3-sdk\renpy\display\core.py", line 3582, in interact
    repeat, rv = self.interact_core(preloads=preloads, trans_pause=trans_pause, pause=pause, pause_start=pause_start, pause_modal=pause_modal, **kwargs) # type: ignore
  File "D:\renpy-8.1.3-sdk\renpy\display\core.py", line 4175, in interact_core
    self.draw_screen(root_widget, fullscreen_video, (not fullscreen_video) or video_frame_drawn)
  File "D:\renpy-8.1.3-sdk\renpy\display\core.py", line 2782, in draw_screen
    surftree = renpy.display.render.render_screen(
  File "render.pyx", line 492, in renpy.display.render.render_screen
  File "render.pyx", line 266, in renpy.display.render.render
  File "D:\renpy-8.1.3-sdk\renpy\display\layout.py", line 888, in render
    surf = render(child, width, height, cst, cat)
  File "render.pyx", line 170, in renpy.display.render.render
  File "render.pyx", line 266, in renpy.display.render.render
  File "D:\renpy-8.1.3-sdk\renpy\display\layout.py", line 888, in render
    surf = render(child, width, height, cst, cat)
  File "render.pyx", line 170, in renpy.display.render.render
  File "render.pyx", line 266, in renpy.display.render.render
  File "D:\renpy-8.1.3-sdk\renpy\display\layout.py", line 888, in render
    surf = render(child, width, height, cst, cat)
  File "render.pyx", line 170, in renpy.display.render.render
  File "render.pyx", line 266, in renpy.display.render.render
  File "D:\renpy-8.1.3-sdk\renpy\display\screen.py", line 731, in render
    child = renpy.display.render.render(self.child, w, h, st, at)
  File "render.pyx", line 170, in renpy.display.render.render
  File "render.pyx", line 266, in renpy.display.render.render
  File "D:\renpy-8.1.3-sdk\renpy\display\layout.py", line 888, in render
    surf = render(child, width, height, cst, cat)
  File "render.pyx", line 170, in renpy.display.render.render
  File "render.pyx", line 266, in renpy.display.render.render
  File "D:\renpy-8.1.3-sdk\renpy\display\layout.py", line 1338, in render
    surf = render(child,
  File "render.pyx", line 170, in renpy.display.render.render
  File "render.pyx", line 266, in renpy.display.render.render
  File "D:\renpy-8.1.3-sdk\renpy\display\layout.py", line 1109, in render
    surf = render(d, width - x, rh, cst, cat)
  File "render.pyx", line 170, in renpy.display.render.render
  File "render.pyx", line 266, in renpy.display.render.render
  File "D:\renpy-8.1.3-sdk\renpy\display\layout.py", line 1338, in render
    surf = render(child,
  File "render.pyx", line 170, in renpy.display.render.render
  File "render.pyx", line 266, in renpy.display.render.render
  File "D:\renpy-8.1.3-sdk\renpy\display\layout.py", line 888, in render
    surf = render(child, width, height, cst, cat)
  File "render.pyx", line 170, in renpy.display.render.render
  File "render.pyx", line 266, in renpy.display.render.render
  File "D:\renpy-8.1.3-sdk\renpy\text\text.py", line 2171, in render
    virtual_layout = Layout(self, width, height, renders, drawable_res=False, size_only=True)
  File "D:\renpy-8.1.3-sdk\renpy\text\text.py", line 629, in __init__
    self.paragraphs = self.segment(text.tokens, style, renders, text)
  File "D:\renpy-8.1.3-sdk\renpy\text\text.py", line 1289, in segment
    raise Exception("Unknown text tag %r" % text)
Exception: Unknown text tag 'fi=30-1-30'

While processing text tag {fi=30-1-30} in '{cps=20}{fi=30-1-30}Трепетные, белоснежные хлопья снега медленно спускались с звёздного небосвода, обрамляя землю необычными, на вид, сугробами. Никогда ранее зеленые деревья не окутывала столь густая белоснежная пелена, и поражаешься, как так быстро мог измениться пейзаж. Непроходимая дорога встречала нас, куда не посмотришь – темень Январской зимы. Единственные звуки, которые проникали в эту мёртвую тишину, были шорох снега под шинами и задыхающийся мотор машины. Освещение фонарей стало более бледным, тусклым, словно его силы истрачивались с каждым километром пути. Три долгих дня истомленный хвойный лес окутывался смертельным молчанием.лес окутывался по смертельной мере белоснежным молчанием.{/fi}{/cps}'.:
  File "game/script.rpy", line 29, in script
    narrator "{cps=20}{fi=30-1-30}Трепетные, белоснежные хлопья снега медленно спускались с звёздного небосвода, обрамляя землю необычными, на вид, сугробами. Никогда ранее зеленые деревья не окутывала столь густая белоснежная пелена, и поражаешься, как так быстро мог измениться пейзаж. Непроходимая дорога встречала нас, куда не посмотришь – темень Январской зимы. Единственные звуки, которые проникали в эту мёртвую тишину, были шорох снега под шинами и задыхающийся мотор машины. Освещение фонарей стало более бледным, тусклым, словно его силы истрачивались с каждым километром пути. Три долгих дня истомленный хвойный лес окутывался смертельным молчанием.лес окутывался по смертельной мере белоснежным молчанием.{/fi}{/cps}"
  File "game/script.rpy", line 29, in script
    narrator "{cps=20}{fi=30-1-30}Трепетные, белоснежные хлопья снега медленно спускались с звёздного небосвода, обрамляя землю необычными, на вид, сугробами. Никогда ранее зеленые деревья не окутывала столь густая белоснежная пелена, и поражаешься, как так быстро мог измениться пейзаж. Непроходимая дорога встречала нас, куда не посмотришь – темень Январской зимы. Единственные звуки, которые проникали в эту мёртвую тишину, были шорох снега под шинами и задыхающийся мотор машины. Освещение фонарей стало более бледным, тусклым, словно его силы истрачивались с каждым километром пути. Три долгих дня истомленный хвойный лес окутывался смертельным молчанием.лес окутывался по смертельной мере белоснежным молчанием.{/fi}{/cps}"
  File "renpy/common/00nvl_mode.rpy", line 381, in do_display
    renpy.display_say(
Exception: Unknown text tag 'fi=30-1-30'
